// Vitest Snapshot v1, https://vitest.dev/guide/snapshot.html

exports[`E4.6 — Snapshot tests on fixture corpus (round-trip lock-in) > class diagram on sveltekit-synthetic fixture > snapshot locks class diagram output 1`] = `
"# Diagram
direction: down
CartItem: {
  shape: class
  label: "CartItem"
  class: [store; interface]
  "+ id": "string"
  "+ name": "string"
  "+ quantity": "number"
}
Product: {
  shape: class
  label: "Product"
  class: interface
  "+ id": "string"
  "+ name": "string"
  "+ price": "number"
}
cart: {
  shape: class
  label: "cart"
  class: [store; state]
  "storeType": "writable"
  "valueType": "{ length: number }"
}
productCount: {
  shape: class
  label: "productCount"
  class: store
  "storeType": "derived"
  "valueType": "unknown"
}
products: {
  shape: class
  label: "products"
  class: store
  "storeType": "writable"
  "valueType": "Product[]"
}
_error: {
  shape: class
  label: "+error"
  class: [component]
  "+ error": "unknown"
  "+ status": "unknown"
}
_layout: {
  shape: class
  label: "+layout"
  class: [component]
  "+ children": "unknown"
}
_page: {
  shape: class
  label: "+page"
  class: [component]
}
Card: {
  shape: class
  label: "Card"
  class: [component]
  "+ label": "unknown"
  "+ onClick": "unknown"
}
Header: {
  shape: class
  label: "Header"
  class: [component]
  "+ title": "unknown"
}
addItem: {
  shape: class
  label: "addItem"
  class: [store; function; Exported]
}
addProduct: {
  shape: class
  label: "addProduct"
  class: [function; Exported]
}
clearCart: {
  shape: class
  label: "clearCart"
  class: [store; function; Exported]
}
formatDate: {
  shape: class
  label: "formatDate"
  class: [function; Exported]
}
GET: {
  shape: class
  label: "GET"
  class: [function; Exported]
}
load: {
  shape: class
  label: "load"
  class: [function; Exported]
}
POST: {
  shape: class
  label: "POST"
  class: [function; Exported]
}
removeItem: {
  shape: class
  label: "removeItem"
  class: [store; function; Exported]
}
slugify: {
  shape: class
  label: "slugify"
  class: [function; Exported]
}
truncate: {
  shape: class
  label: "truncate"
  class: [function; Exported]
}
_layout_server: {
  shape: class
  label: "+layout.server"
  class: LayoutLoad
  "path": "/"
}
_page_server: {
  shape: class
  label: "+page.server"
  class: PageLoad
  "path": "/products/[id]"
  "dynamic id": ""
}
_server: {
  shape: class
  label: "+server"
  class: endpoint
  "path": "/api/items"
}
_page -> removeItem: "$cart <<store-subscription>>" { style.stroke-dash: 3 }
_page -> addProduct: "$products <<store-subscription>>" { style.stroke-dash: 3 }"
`;

exports[`E4.6 — Snapshot tests on fixture corpus (round-trip lock-in) > package diagram on sveltekit-synthetic fixture > snapshot locks package diagram output 1`] = `
"# Package Diagram
direction: down
lib: {
  label: "lib"
  class: package
  "addItem": { class: [store; function; Exported] }
  "addProduct": { class: [function; Exported] }
  "Card": { class: component }
  "cart": { class: [store; state] }
  "CartItem": { class: [store; interface] }
  "clearCart": { class: [store; function; Exported] }
  "formatDate": { class: [function; Exported] }
  "Header": { class: component }
  "Product": { class: interface }
  "productCount": { class: store }
  "products": { class: store }
  "removeItem": { class: [store; function; Exported] }
  "slugify": { class: [function; Exported] }
  "truncate": { class: [function; Exported] }
}
routes: {
  label: "routes"
  class: package
  "+error": { class: component }
  "+layout": { class: component }
  "+layout.server": { class: LayoutLoad }
  "+page": { class: component }
  "+page.server": { class: PageLoad }
  "+server": { class: endpoint }
  "GET": { class: [function; Exported] }
  "load": { class: [function; Exported] }
  "POST": { class: [function; Exported] }
}
routes -> lib: "2" { style.stroke-dash: 3 }"
`;
