// Vitest Snapshot v1, https://vitest.dev/guide/snapshot.html

exports[`D2 snapshot: class diagram > emits valid D2 with classes and edges 1`] = `
"# Diagram
direction: down
App: {
  shape: class
  label: "App"
}
Router: {
  shape: class
  label: "Router"
}
Store: {
  shape: class
  label: "Store"
}
App -> Router { style.stroke-dash: 3 }
App -> Store: "composition" { style.stroke-dash: 0 }"
`;

exports[`D2 snapshot: class diagram > emits valid D2 with focus mode 1`] = `
"# Diagram
direction: down
App: {
  shape: class
  label: "App"
}
Router: {
  shape: class
  label: "Router"
}
Store: {
  shape: class
  label: "Store"
}
App -> Router { style.stroke-dash: 3 }
App -> Store: "composition" { style.stroke-dash: 0 }"
`;

exports[`D2 snapshot: class diagram > emits valid D2 with stores and functions 1`] = `
"# Diagram
direction: down
Counter: {
  shape: class
  label: "Counter"
}
count: {
  shape: class
  label: "count"
  class: [state; Exported]
  "storeType": "writable"
  "valueType": "number"
}
formatCount: {
  shape: class
  label: "formatCount"
  class: [function; Exported]
}"
`;

exports[`D2 snapshot: package diagram > emits valid D2 with packages 1`] = `
"# Package Diagram
direction: down
lib: {
  label: "lib"
  class: package
  "Layout": { class: class }
}
routes: {
  label: "routes"
  class: package
  "App": { class: class }
}
routes -> lib: "1" { style.stroke-dash: 3 }"
`;
